---
source: crates/compiler/can/tests/test_suffixed.rs
expression: snapshot
---
Defs {
    tags: [
        Index(2147483648),
    ],
    regions: [
        @0-24,
    ],
    space_before: [
        Slice(start = 0, length = 0),
    ],
    space_after: [
        Slice(start = 0, length = 0),
    ],
    spaces: [],
    type_defs: [],
    value_defs: [
        Body(
            @0-4 Identifier {
                ident: "main",
            },
            @11-24 Apply(
                @11-24 Var {
                    module_name: "Task",
                    ident: "await",
                },
                [
                    @11-16 Var {
                        module_name: "",
                        ident: "foo",
                    },
                    @11-24 Closure(
                        [
                            @11-16 Identifier {
                                ident: "#!a0",
                            },
                        ],
                        @11-16 Apply(
                            @11-16 Var {
                                module_name: "Task",
                                ident: "await",
                            },
                            [
                                @11-16 Var {
                                    module_name: "",
                                    ident: "#!a0",
                                },
                                @11-16 Closure(
                                    [
                                        @11-16 RecordDestructure(
                                            [],
                                        ),
                                    ],
                                    @21-24 Var {
                                        module_name: "",
                                        ident: "bar",
                                    },
                                ),
                            ],
                            BangSuffix,
                        ),
                    ),
                ],
                BangSuffix,
            ),
        ),
    ],
}
