---
source: crates/compiler/can/tests/test_suffixed.rs
expression: snapshot
snapshot_kind: text
---
Defs {
    tags: [
        EitherIndex(2147483648),
    ],
    regions: [
        @0-86,
    ],
    space_before: [
        Slice<roc_parse::ast::CommentOrNewline> { start: 0, length: 0 },
    ],
    space_after: [
        Slice<roc_parse::ast::CommentOrNewline> { start: 0, length: 1 },
    ],
    spaces: [
        Newline,
    ],
    type_defs: [],
    value_defs: [
        Body(
            @0-4 Identifier {
                ident: "main",
            },
            @11-70 Apply(
                @11-70 Var {
                    module_name: "Task",
                    ident: "await",
                },
                [
                    @11-70 Defs(
                        Defs {
                            tags: [
                                EitherIndex(2147483648),
                            ],
                            regions: [
                                @11-70,
                            ],
                            space_before: [
                                Slice<roc_parse::ast::CommentOrNewline> { start: 0, length: 0 },
                            ],
                            space_after: [
                                Slice<roc_parse::ast::CommentOrNewline> { start: 0, length: 0 },
                            ],
                            spaces: [],
                            type_defs: [],
                            value_defs: [
                                AnnotatedBody {
                                    ann_pattern: @11-70 Identifier {
                                        ident: "#!0_stmt",
                                    },
                                    ann_type: @11-70 Apply(
                                        "",
                                        "Task",
                                        [
                                            @11-70 Record {
                                                fields: [],
                                                ext: None,
                                            },
                                            @11-70 Inferred,
                                        ],
                                    ),
                                    lines_between: [],
                                    body_pattern: @11-70 Identifier {
                                        ident: "#!0_stmt",
                                    },
                                    body_expr: @11-70 Apply(
                                        @11-70 Var {
                                            module_name: "",
                                            ident: "line",
                                        },
                                        [
                                            @11-57 Apply(
                                                @47-57 Var {
                                                    module_name: "Num",
                                                    ident: "to_str",
                                                },
                                                [
                                                    @11-39 Apply(
                                                        @24-39 When(
                                                            @24-32 Var {
                                                                module_name: "Str",
                                                                ident: "toU8",
                                                            },
                                                            [
                                                                WhenBranch {
                                                                    patterns: [
                                                                        @24-32 PncApply(
                                                                            @24-32 Tag(
                                                                                "Ok",
                                                                            ),
                                                                            [
                                                                                @24-32 Identifier {
                                                                                    ident: "success_BRANCH1_24_32",
                                                                                },
                                                                            ],
                                                                        ),
                                                                    ],
                                                                    value: @24-32 Var {
                                                                        module_name: "",
                                                                        ident: "success_BRANCH1_24_32",
                                                                    },
                                                                    guard: None,
                                                                },
                                                                WhenBranch {
                                                                    patterns: [
                                                                        @36-39 PncApply(
                                                                            @24-32 Tag(
                                                                                "Err",
                                                                            ),
                                                                            [
                                                                                @36-39 Underscore(
                                                                                    "",
                                                                                ),
                                                                            ],
                                                                        ),
                                                                    ],
                                                                    value: @36-39 Num(
                                                                        "255",
                                                                    ),
                                                                    guard: None,
                                                                },
                                                            ],
                                                        ),
                                                        [
                                                            @11-16 Str(
                                                                PlainLine(
                                                                    "123",
                                                                ),
                                                            ),
                                                        ],
                                                        BinOp(
                                                            Pizza,
                                                        ),
                                                    ),
                                                ],
                                                BinOp(
                                                    Pizza,
                                                ),
                                            ),
                                        ],
                                        BinOp(
                                            Pizza,
                                        ),
                                    ),
                                },
                            ],
                        },
                        @11-70 Var {
                            module_name: "",
                            ident: "#!0_stmt",
                        },
                    ),
                    @11-70 Closure(
                        [
                            @11-70 Underscore(
                                "#!stmt",
                            ),
                        ],
                        @76-86 Apply(
                            @76-83 Var {
                                module_name: "Task",
                                ident: "ok",
                            },
                            [
                                @84-86 Record(
                                    [],
                                ),
                            ],
                            Space,
                        ),
                    ),
                ],
                BangSuffix,
            ),
        ),
    ],
}
