---
source: crates/compiler/can/tests/test_suffixed.rs
expression: snapshot
---
Defs {
    tags: [
        Index(2147483648),
    ],
    regions: [
        @0-33,
    ],
    space_before: [
        Slice(start = 0, length = 0),
    ],
    space_after: [
        Slice(start = 0, length = 0),
    ],
    spaces: [],
    type_defs: [],
    value_defs: [
        Body(
            @0-4 Identifier {
                ident: "main",
            },
            @11-15 Apply(
                @11-15 Var {
                    module_name: "Task",
                    ident: "await",
                },
                [
                    @11-15 Var {
                        module_name: "",
                        ident: "foo",
                    },
                    @11-15 Closure(
                        [
                            @11-15 RecordDestructure(
                                [],
                            ),
                        ],
                        @20-24 Apply(
                            @20-24 Var {
                                module_name: "Task",
                                ident: "await",
                            },
                            [
                                @20-24 Var {
                                    module_name: "",
                                    ident: "bar",
                                },
                                @20-24 Closure(
                                    [
                                        @20-24 RecordDestructure(
                                            [],
                                        ),
                                    ],
                                    @29-33 Var {
                                        module_name: "",
                                        ident: "baz",
                                    },
                                ),
                            ],
                            BangSuffix,
                        ),
                    ),
                ],
                BangSuffix,
            ),
        ),
    ],
}
