INFO: Create two flex variables
New type variable: {FlexVar(null), rank: 0, mark: none, copy: null}
New type variable: {FlexVar(null), rank: 0, mark: none, copy: null}
==================== START Unification Table ====================
Var 0: {FlexVar(null), rank: 0, mark: none, copy: null}
Var 1: {FlexVar(null), rank: 0, mark: none, copy: null}
==================== END Unification Table ====================
INFO: Check they are not unified
Checking union for 0 and 1
Root for variable 0: 0
Root for variable 1: 1
Union result: false
INFO: Unify them
Unifying 0 <- 1
INFO: Check they are now unified
Checking union for 0 and 1
Root for variable 0: 0
Root for variable 1: 0
Union result: true
Root for variable 0: 0
Root for variable 1: 0
==================== START Unification Table ====================
Var 0: {FlexVar(null), rank: 0, mark: none, copy: null}
Var 1: {FlexVar(null), rank: 0, mark: none, copy: null} → 0
Class with root 0:
  0
  1 → 0
==================== END Unification Table ====================
