---
source: crates/cli/tests/cli_run.rs
expression: out.normalize_stdout_and_stderr()
---
I am Dep2.value2
