---
source: crates/cli/tests/cli_run.rs
expression: out.normalize_stdout_and_stderr()
---
Roc <3 Zig!ðŸ”¨ Building host ...
