---
source: crates/cli/tests/cli_run.rs
expression: "test_benchmark(\"rBTreeInsert.roc\", vec![], UseValgrind::Yes)"
---
Node Black 0 {} Empty Empty
