---
source: crates/cli/tests/cli_run.rs
expression: out.normalize_stdout_and_stderr()
---
For multiple tasks: {a: 123, b: "abc", c: [123]}
