---
source: crates/cli/tests/cli_run.rs
expression: out.normalize_stdout_and_stderr()
---
Hello World!
Hello Worldfoo!ðŸ”¨ Building host ...
