---
source: crates/cli/tests/cli_run.rs
expression: out.normalize_stdout_and_stderr()
---
[One imports Two: From two] | From two
