---
source: crates/cli/tests/cli_run.rs
expression: "test_benchmark(\"testBase64.roc\", vec![], UseValgrind::Yes)"
---
encoded: SGVsbG8gV29ybGQ=
decoded: Hello World
