---
source: crates/cli/tests/cli_run.rs
expression: "test_benchmark(\"rBTreeCk.roc\", vec![\"100\"], UseValgrind::Yes)"
---
Please enter an integer
10
