---
source: crates/cli/tests/cli_tests.rs
expression: out.normalize_stdout_and_stderr()
---
[Zero imports One: [One imports Two: From two]]
