---
source: crates/cli/tests/cli_tests.rs
expression: "test_benchmark(\"nQueens.roc\", vec![\"6\"], UseValgrind::Yes)"
---
Please enter an integer
4
