---
source: crates/cli/tests/cli_tests.rs
expression: out.normalize_stdout_and_stderr()
---
0 failed and 3 passed in <ignored for test> ms.
