---
source: crates/cli/tests/cli_run.rs
expression: "test_benchmark(\"closure.roc\", vec![], UseValgrind::No)"
---

