---
source: crates/cli/tests/cli_run.rs
expression: out.normalize_stdout_and_stderr()
---
from app from packageğŸ”¨ Building host ...
