---
source: crates/cli/tests/cli_run.rs
expression: out.normalize_stdout_and_stderr()
---
[0, 0, 0, 0, 0, 0, 0, 0, 0, 1, 1, 1, 1, 1, 1, 1, 1, 1, 2, 2]ğŸ”¨ Building host ...
