---
source: crates/cli/tests/cli_tests.rs
assertion_line: 476
expression: cli_dev_out.normalize_stdout_and_stderr()
---

── TYPE MISMATCH in tests/test-projects/module_params/unexpected_fn.roc ────────

This argument to this string interpolation has an unexpected type:

11│      $(Api.getPost)
           ^^^^^^^^^^^

The argument is an anonymous function of type:

    U32 -> Str

But this string interpolation needs its argument to be:

    Str

────────────────────────────────────────────────────────────────────────────────

1 error and 0 warning found in <ignored for test> ms
.

You can run <ignored for tests>

