---
source: crates/cli/tests/cli_tests.rs
expression: out.normalize_stdout_and_stderr()
---
Hello, World! This text came from a package! This text came from a CSV package!
