---
source: crates/cli/tests/cli_tests.rs
expression: "test_benchmark(\"deriv.roc\", vec![\"2\"], UseValgrind::Yes)"
---
Please enter an integer
1 count: 6
2 count: 22
