---
source: crates/cli/tests/cli_run.rs
expression: out.normalize_stdout_and_stderr()
---
You entered: hi there!
It is known
