---
source: crates/cli/tests/cli_tests.rs
expression: out.normalize_stdout_and_stderr()
---
Roc <3 Rust!ðŸ”¨ Building host ...
